/home/runner/work/actions-bicep-versioning/actions-bicep-versioning/infra/main-linux-machineOnly.bicep(28,7) : Warning no-unused-params: Parameter "userManagedIdentityName" is declared but never used. [https://aka.ms/bicep/linter-diagnostics#no-unused-params]
/home/runner/work/actions-bicep-versioning/actions-bicep-versioning/infra/main-linux-machineOnly.bicep(34,7) : Warning no-unused-params: Parameter "logAnalyticsWorkspaceName" is declared but never used. [https://aka.ms/bicep/linter-diagnostics#no-unused-params]
/home/runner/work/actions-bicep-versioning/actions-bicep-versioning/infra/main-linux-machineOnly.bicep(37,7) : Warning no-unused-params: Parameter "linuxDataCollectionRuleName" is declared but never used. [https://aka.ms/bicep/linter-diagnostics#no-unused-params]
/home/runner/work/actions-bicep-versioning/actions-bicep-versioning/infra/main-linux-machineOnly.bicep(46,7) : Warning no-unused-params: Parameter "linuxVirtualMachineInsightsPolicyName" is declared but never used. [https://aka.ms/bicep/linter-diagnostics#no-unused-params]
/home/runner/work/actions-bicep-versioning/actions-bicep-versioning/infra/main-linux-machineOnly.bicep(49,7) : Warning no-unused-params: Parameter "linuxVirtualMachineInsightsPolicyDefinitionId" is declared but never used. [https://aka.ms/bicep/linter-diagnostics#no-unused-params]
/home/runner/work/actions-bicep-versioning/actions-bicep-versioning/infra/main-linux-machineOnly.bicep(52,7) : Warning no-unused-params: Parameter "linuxVirtualMachineScaleSetInsightsPolicyName" is declared but never used. [https://aka.ms/bicep/linter-diagnostics#no-unused-params]
/home/runner/work/actions-bicep-versioning/actions-bicep-versioning/infra/main-linux-machineOnly.bicep(55,7) : Warning no-unused-params: Parameter "linuxVirtualMachineScaleSetInsightsPolicyDefinitionId" is declared but never used. [https://aka.ms/bicep/linter-diagnostics#no-unused-params]
/home/runner/work/actions-bicep-versioning/actions-bicep-versioning/infra/main-linux-machineOnly.bicep(127,23) : Error BCP328: The provided value (which will always be less than or equal to 0) is too small to assign to a target for which the minimum allowable value is 1. [https://aka.ms/bicep/core-diagnostics#BCP328]
/home/runner/work/actions-bicep-versioning/actions-bicep-versioning/infra/main-linux-machineOnly.bicep(163,5) : Warning no-unnecessary-dependson: Remove unnecessary dependsOn entry 'createVirtualNetwork'. [https://aka.ms/bicep/linter-diagnostics#no-unnecessary-dependson]
/home/runner/work/actions-bicep-versioning/actions-bicep-versioning/infra/main-windows-machineOnly.bicep(106,23) : Error BCP328: The provided value (which will always be less than or equal to 0) is too small to assign to a target for which the minimum allowable value is 1. [https://aka.ms/bicep/core-diagnostics#BCP328]
/home/runner/work/actions-bicep-versioning/actions-bicep-versioning/infra/main-windows-machineOnly.bicep(142,5) : Warning no-unnecessary-dependson: Remove unnecessary dependsOn entry 'createVirtualNetwork'. [https://aka.ms/bicep/linter-diagnostics#no-unnecessary-dependson]
/home/runner/work/actions-bicep-versioning/actions-bicep-versioning/infra/main.bicep(139,5) : Warning no-unnecessary-dependson: Remove unnecessary dependsOn entry 'createVirtualNetwork'. [https://aka.ms/bicep/linter-diagnostics#no-unnecessary-dependson]
